[00:09:54] ══════════════════════════════════════════════════════════════════════════
[00:09:54] ▶ EVENT START
[00:09:54] 04.08.2026 | 00:09:54
[00:09:54] ══════════════════════════════════════════════════════════════════════════
[00:09:54] 
[00:09:54] ▶ EVENT
[00:09:54] ------------------------------------------------------------------------
[00:09:54] Trigger   : Follow
[00:09:54] User      : liamnannitoddy
[00:09:54] Follow erkannt.
[00:09:54] 
[00:09:54] ▶ CHAT
[00:09:54] ------------------------------------------------------------------------
[00:09:54] Type      : follow
[00:09:54] CSS       : event-follow
[00:09:54] Icon      : ❤️
[00:09:54] Text      : folgt dem Kanal!
[00:09:54] 
[00:09:54] ▶ JSON / FILE
[00:09:54] ------------------------------------------------------------------------
[00:09:54] ✅ JSON erzeugt
[00:09:54] 📄 Pfad   : Streamer.bot-x64-0.2.8\OBS Overlay Chat\data\data.json
[00:09:54] ✅ Status : geschrieben
[00:09:54] ------------------------------------------------------------------------
[00:09:54] 
[00:09:54] ▶ ERROR
[00:09:54] ------------------------------------------------------------------------
[00:09:54] ✅ Keine Fehler
[00:09:54] ══════════════════════════════════════════════════════════════════════════
[00:10:22] ══════════════════════════════════════════════════════════════════════════
[00:10:22] ▶ EVENT START
[00:10:22] 04.08.2026 | 00:10:22
[00:10:22] ══════════════════════════════════════════════════════════════════════════
[00:10:22] 
[00:10:22] ▶ EVENT
[00:10:22] ------------------------------------------------------------------------
[00:10:22] Trigger   : Subscription
[00:10:22] User      : mathias170482
[00:10:22] Subscription erkannt. Tier = prime
[00:10:22] 
[00:10:22] ▶ CHAT
[00:10:22] ------------------------------------------------------------------------
[00:10:22] Type      : subscription
[00:10:22] CSS       : event-subscription
[00:10:22] Icon      : 💎
[00:10:22] Text      : hat mit Prime abonniert!
[00:10:22] 
[00:10:22] ▶ JSON / FILE
[00:10:22] ------------------------------------------------------------------------
[00:10:22] ✅ JSON erzeugt
[00:10:22] 📄 Pfad   : Streamer.bot-x64-0.2.8\OBS Overlay Chat\data\data.json
[00:10:22] ✅ Status : geschrieben
[00:10:22] ------------------------------------------------------------------------
[00:10:22] 
[00:10:22] ▶ ERROR
[00:10:22] ------------------------------------------------------------------------
[00:10:22] ✅ Keine Fehler
[00:10:22] ══════════════════════════════════════════════════════════════════════════
[00:10:30] ══════════════════════════════════════════════════════════════════════════
[00:10:30] ▶ EVENT START
[00:10:30] 04.08.2026 | 00:10:30
[00:10:30] ══════════════════════════════════════════════════════════════════════════
[00:10:30] 
[00:10:30] ▶ EVENT
[00:10:30] ------------------------------------------------------------------------
[00:10:30] Trigger   : Subscription
[00:10:30] User      : ronny33GER
[00:10:30] Subscription erkannt. Tier = tier 1
[00:10:30] 
[00:10:30] ▶ CHAT
[00:10:30] ------------------------------------------------------------------------
[00:10:30] Type      : subscription
[00:10:30] CSS       : event-subscription
[00:10:30] Icon      : ⭐
[00:10:30] Text      : hat den Kanal abonniert!
[00:10:30] 
[00:10:30] ▶ JSON / FILE
[00:10:30] ------------------------------------------------------------------------
[00:10:30] ✅ JSON erzeugt
[00:10:30] 📄 Pfad   : Streamer.bot-x64-0.2.8\OBS Overlay Chat\data\data.json
[00:10:30] ✅ Status : geschrieben
[00:10:30] ------------------------------------------------------------------------
[00:10:30] 
[00:10:30] ▶ ERROR
[00:10:30] ------------------------------------------------------------------------
[00:10:30] ✅ Keine Fehler
[00:10:30] ══════════════════════════════════════════════════════════════════════════
[00:10:36] ══════════════════════════════════════════════════════════════════════════
[00:10:36] ▶ EVENT START
[00:10:36] 04.08.2026 | 00:10:36
[00:10:36] ══════════════════════════════════════════════════════════════════════════
[00:10:36] 
[00:10:36] ▶ EVENT
[00:10:36] ------------------------------------------------------------------------
[00:10:36] Trigger   : Subscription
[00:10:36] User      : georgeslife18
[00:10:36] Subscription erkannt. Tier = tier 1
[00:10:36] 
[00:10:36] ▶ CHAT
[00:10:36] ------------------------------------------------------------------------
[00:10:36] Type      : subscription
[00:10:36] CSS       : event-subscription
[00:10:36] Icon      : ⭐
[00:10:36] Text      : hat den Kanal abonniert!
[00:10:36] 
[00:10:36] ▶ JSON / FILE
[00:10:36] ------------------------------------------------------------------------
[00:10:36] ✅ JSON erzeugt
[00:10:36] 📄 Pfad   : Streamer.bot-x64-0.2.8\OBS Overlay Chat\data\data.json
[00:10:36] ✅ Status : geschrieben
[00:10:36] ------------------------------------------------------------------------
[00:10:36] 
[00:10:36] ▶ ERROR
[00:10:36] ------------------------------------------------------------------------
[00:10:36] ✅ Keine Fehler
[00:10:36] ══════════════════════════════════════════════════════════════════════════
[00:10:45] ══════════════════════════════════════════════════════════════════════════
[00:10:45] ▶ EVENT START
[00:10:45] 04.08.2026 | 00:10:45
[00:10:45] ══════════════════════════════════════════════════════════════════════════
[00:10:45] 
[00:10:45] ▶ EVENT
[00:10:45] ------------------------------------------------------------------------
[00:10:45] Trigger   : Resubscription
[00:10:45] User      : The1050Vario
[00:10:45] Resub-Monate: 24
[00:10:45] 
[00:10:45] ▶ CHAT
[00:10:45] ------------------------------------------------------------------------
[00:10:45] Type      : resubscription
[00:10:45] CSS       : event-resubscription
[00:10:45] Icon      : 🔄
[00:10:45] Text      : ist seit 24 Monaten wieder dabei! Hallo, ein test 2 sorry vergessen richtig zu machen
[00:10:45] 
[00:10:45] ▶ JSON / FILE
[00:10:45] ------------------------------------------------------------------------
[00:10:45] ✅ JSON erzeugt
[00:10:45] 📄 Pfad   : Streamer.bot-x64-0.2.8\OBS Overlay Chat\data\data.json
[00:10:45] ✅ Status : geschrieben
[00:10:45] ------------------------------------------------------------------------
[00:10:45] 
[00:10:45] ▶ ERROR
[00:10:45] ------------------------------------------------------------------------
[00:10:45] ✅ Keine Fehler
[00:10:45] ══════════════════════════════════════════════════════════════════════════
[00:10:50] ══════════════════════════════════════════════════════════════════════════
[00:10:50] ▶ EVENT START
[00:10:50] 04.08.2026 | 00:10:50
[00:10:50] ══════════════════════════════════════════════════════════════════════════
[00:10:50] 
[00:10:50] ▶ EVENT
[00:10:50] ------------------------------------------------------------------------
[00:10:50] Trigger   : Resubscription
[00:10:50] User      : kerniiiiiiii
[00:10:50] Resub-Monate: 24
[00:10:50] 
[00:10:50] ▶ CHAT
[00:10:50] ------------------------------------------------------------------------
[00:10:50] Type      : resubscription
[00:10:50] CSS       : event-resubscription
[00:10:50] Icon      : 🔄
[00:10:50] Text      : ist seit 24 Monaten wieder dabei! Hallo, ein test 2 sorry vergessen richtig zu machen
[00:10:50] 
[00:10:50] ▶ JSON / FILE
[00:10:50] ------------------------------------------------------------------------
[00:10:50] ✅ JSON erzeugt
[00:10:50] 📄 Pfad   : Streamer.bot-x64-0.2.8\OBS Overlay Chat\data\data.json
[00:10:50] ✅ Status : geschrieben
[00:10:50] ------------------------------------------------------------------------
[00:10:50] 
[00:10:50] ▶ ERROR
[00:10:50] ------------------------------------------------------------------------
[00:10:50] ✅ Keine Fehler
[00:10:50] ══════════════════════════════════════════════════════════════════════════
[00:11:01] ══════════════════════════════════════════════════════════════════════════
[00:11:01] ▶ EVENT START
[00:11:01] 04.08.2026 | 00:11:01
[00:11:01] ══════════════════════════════════════════════════════════════════════════
[00:11:01] 
[00:11:01] ▶ EVENT
[00:11:01] ------------------------------------------------------------------------
[00:11:01] Trigger   : Gift Subscription
[00:11:01] User      : gwg_ronnyg
[00:11:01] Gift Subscription erkannt. Empfänger = stern160881
[00:11:01] 
[00:11:01] ▶ CHAT
[00:11:01] ------------------------------------------------------------------------
[00:11:01] Type      : gift-subscription
[00:11:01] CSS       : event-gift-subscription
[00:11:01] Icon      : 🎁
[00:11:01] Text      : hat stern160881 ein Tier 3 Abo geschenkt!
[00:11:01] 
[00:11:01] ▶ JSON / FILE
[00:11:01] ------------------------------------------------------------------------
[00:11:01] ✅ JSON erzeugt
[00:11:01] 📄 Pfad   : Streamer.bot-x64-0.2.8\OBS Overlay Chat\data\data.json
[00:11:01] ✅ Status : geschrieben
[00:11:01] ------------------------------------------------------------------------
[00:11:01] 
[00:11:01] ▶ ERROR
[00:11:01] ------------------------------------------------------------------------
[00:11:01] ✅ Keine Fehler
[00:11:01] ══════════════════════════════════════════════════════════════════════════
[00:11:05] ══════════════════════════════════════════════════════════════════════════
[00:11:05] ▶ EVENT START
[00:11:05] 04.08.2026 | 00:11:05
[00:11:05] ══════════════════════════════════════════════════════════════════════════
[00:11:05] 
[00:11:05] ▶ EVENT
[00:11:05] ------------------------------------------------------------------------
[00:11:05] Trigger   : Gift Subscription
[00:11:05] User      : FriendsAre_Gaming
[00:11:05] Gift Subscription erkannt. Empfänger = norbert_o_noob
[00:11:05] 
[00:11:05] ▶ CHAT
[00:11:05] ------------------------------------------------------------------------
[00:11:05] Type      : gift-subscription
[00:11:05] CSS       : event-gift-subscription
[00:11:05] Icon      : 🎁
[00:11:05] Text      : hat norbert_o_noob ein Abo geschenkt!
[00:11:05] 
[00:11:05] ▶ JSON / FILE
[00:11:05] ------------------------------------------------------------------------
[00:11:05] ✅ JSON erzeugt
[00:11:05] 📄 Pfad   : Streamer.bot-x64-0.2.8\OBS Overlay Chat\data\data.json
[00:11:05] ✅ Status : geschrieben
[00:11:05] ------------------------------------------------------------------------
[00:11:05] 
[00:11:05] ▶ ERROR
[00:11:05] ------------------------------------------------------------------------
[00:11:05] ✅ Keine Fehler
[00:11:05] ══════════════════════════════════════════════════════════════════════════
[00:11:10] ══════════════════════════════════════════════════════════════════════════
[00:11:10] ▶ EVENT START
[00:11:10] 04.08.2026 | 00:11:10
[00:11:10] ══════════════════════════════════════════════════════════════════════════
[00:11:10] 
[00:11:10] ▶ EVENT
[00:11:10] ------------------------------------------------------------------------
[00:11:10] Trigger   : Cheer
[00:11:10] User      : martinjodocuskwak
[00:11:10] Cheer erkannt. Bits = 50
[00:11:10] 
[00:11:10] ▶ CHAT
[00:11:10] ------------------------------------------------------------------------
[00:11:10] Type      : cheer
[00:11:10] CSS       : event-cheer
[00:11:10] Icon      : 💜
[00:11:10] Text      : hat 50 Bits gecheert!
[00:11:10] 
[00:11:10] ▶ JSON / FILE
[00:11:10] ------------------------------------------------------------------------
[00:11:10] ✅ JSON erzeugt
[00:11:10] 📄 Pfad   : Streamer.bot-x64-0.2.8\OBS Overlay Chat\data\data.json
[00:11:10] ✅ Status : geschrieben
[00:11:10] ------------------------------------------------------------------------
[00:11:10] 
[00:11:10] ▶ ERROR
[00:11:10] ------------------------------------------------------------------------
[00:11:10] ✅ Keine Fehler
[00:11:10] ══════════════════════════════════════════════════════════════════════════
